exports[`test should not go negative 1`] = `
<span>
  Value: 
  0
  <button
    className="decrement"
    onClick={[Function]}>
    −
  </button>
  <button
    className="increment"
    onClick={[Function]}>
    +
  </button>
</span>
`;

exports[`test should render 0 1`] = `
<span>
  Value: 
  0
  <button
    className="decrement"
    onClick={[Function]}>
    −
  </button>
  <button
    className="increment"
    onClick={[Function]}>
    +
  </button>
</span>
`;

exports[`test should render 2 1`] = `
<span>
  Value: 
  2
  <button
    className="decrement"
    onClick={[Function]}>
    −
  </button>
  <button
    className="increment"
    onClick={[Function]}>
    +
  </button>
</span>
`;
